// Jest Snapshot v1, https://goo.gl/fbAQLP

exports[`CreateTask Component renders correctly 1`] = `
<View
  collapsable={false}
  nativeID="animatedComponent"
  pointerEvents="auto"
  style={
    Object {
      "backgroundColor": "#31394F",
      "borderRadius": 28,
      "bottom": 40,
      "elevation": 6,
      "opacity": 1,
      "position": "absolute",
      "right": 20,
      "shadowColor": "#000000",
      "shadowOffset": Object {
        "height": 5,
        "width": 0,
      },
      "shadowOpacity": 0.24,
      "shadowRadius": 6,
      "transform": Array [
        Object {
          "scale": 1,
        },
      ],
    }
  }
>
  <View
    accessibilityRole="button"
    accessibilityState={
      Object {
        "disabled": false,
      }
    }
    accessible={true}
    focusable={true}
    onClick={[Function]}
    onResponderGrant={[Function]}
    onResponderMove={[Function]}
    onResponderRelease={[Function]}
    onResponderTerminate={[Function]}
    onResponderTerminationRequest={[Function]}
    onStartShouldSetResponder={[Function]}
    style={
      Array [
        Object {
          "overflow": "hidden",
        },
        Object {
          "borderRadius": 28,
        },
      ]
    }
    testID="create-task-button"
  >
    <View
      pointerEvents="none"
      style={
        Array [
          Object {
            "alignItems": "center",
            "flexDirection": "row",
            "justifyContent": "center",
          },
          Object {
            "height": 56,
            "width": 56,
          },
        ]
      }
    >
      <View
        style={
          Array [
            Object {
              "alignItems": "center",
              "justifyContent": "center",
            },
            Object {
              "height": 24,
              "width": 24,
            },
          ]
        }
      >
        <View
          collapsable={false}
          nativeID="animatedComponent"
          style={
            Object {
              "bottom": 0,
              "left": 0,
              "opacity": 1,
              "position": "absolute",
              "right": 0,
              "top": 0,
              "transform": Array [
                Object {
                  "rotate": "0deg",
                },
              ],
            }
          }
        >
          <Text
            accessibilityElementsHidden={true}
            allowFontScaling={false}
            importantForAccessibility="no-hide-descendants"
            pointerEvents="none"
            selectable={false}
            style={
              Array [
                Object {
                  "color": "#ffffff",
                  "fontSize": 24,
                },
                Array [
                  Object {
                    "lineHeight": 24,
                    "transform": Array [
                      Object {
                        "scaleX": 1,
                      },
                    ],
                  },
                  Object {
                    "backgroundColor": "transparent",
                  },
                ],
                Object {
                  "fontFamily": "Material Design Icons",
                  "fontStyle": "normal",
                  "fontWeight": "normal",
                },
                Object {},
              ]
            }
          >
            Û∞êï
          </Text>
        </View>
      </View>
    </View>
  </View>
</View>
`;
