// Jest Snapshot v1, https://goo.gl/fbAQLP

exports[`Button Component renders correctly 1`] = `
<View
  style={
    Object {
      "backgroundColor": "#6200ee",
      "borderColor": "transparent",
      "borderRadius": 4,
      "borderStyle": "solid",
      "borderWidth": 0,
      "elevation": 2,
      "minWidth": 64,
      "shadowColor": "#000000",
      "shadowOffset": Object {
        "height": 0.75,
        "width": 0,
      },
      "shadowOpacity": 0.24,
      "shadowRadius": 1.5,
    }
  }
>
  <View
    accessibilityRole="button"
    accessibilityState={
      Object {
        "disabled": true,
      }
    }
    accessible={true}
    focusable={false}
    onClick={[Function]}
    onResponderGrant={[Function]}
    onResponderMove={[Function]}
    onResponderRelease={[Function]}
    onResponderTerminate={[Function]}
    onResponderTerminationRequest={[Function]}
    onStartShouldSetResponder={[Function]}
    style={
      Array [
        Object {
          "overflow": "hidden",
        },
        Object {
          "borderRadius": 4,
        },
      ]
    }
  >
    <View
      style={
        Array [
          Object {
            "alignItems": "center",
            "flexDirection": "row",
            "justifyContent": "center",
          },
          Object {
            "width": 714,
          },
        ]
      }
    >
      <Text
        numberOfLines={1}
        selectable={false}
        style={
          Array [
            Object {
              "color": "#000000",
              "fontFamily": "System",
              "fontWeight": "400",
            },
            Object {
              "textAlign": "left",
            },
            Array [
              Object {
                "letterSpacing": 1,
                "marginHorizontal": 16,
                "marginVertical": 9,
                "textAlign": "center",
              },
              undefined,
              Object {
                "textTransform": "uppercase",
              },
              Object {
                "color": "#ffffff",
                "fontFamily": "System",
                "fontWeight": "500",
              },
              Object {
                "fontFamily": "System",
                "fontWeight": "500",
              },
              Object {
                "paddingTop": 2,
              },
            ],
          ]
        }
      >
        Click me!
      </Text>
    </View>
  </View>
</View>
`;

exports[`Button Component renders props 1`] = `
<View
  collapsable={false}
  nativeID="animatedComponent"
  style={
    Object {
      "backgroundColor": "rgba(0, 0, 0, 0.12)",
      "borderColor": "transparent",
      "borderRadius": 4,
      "borderStyle": "solid",
      "borderWidth": 0,
      "elevation": 0,
      "minWidth": 64,
    }
  }
>
  <View
    accessibilityRole="button"
    accessibilityState={
      Object {
        "disabled": true,
      }
    }
    accessible={true}
    focusable={false}
    onClick={[Function]}
    onResponderGrant={[Function]}
    onResponderMove={[Function]}
    onResponderRelease={[Function]}
    onResponderTerminate={[Function]}
    onResponderTerminationRequest={[Function]}
    onStartShouldSetResponder={[Function]}
    style={
      Array [
        Object {
          "overflow": "hidden",
        },
        Object {
          "borderRadius": 4,
        },
      ]
    }
  >
    <View
      style={
        Array [
          Object {
            "alignItems": "center",
            "flexDirection": "row",
            "justifyContent": "center",
          },
          Object {
            "width": 714,
          },
        ]
      }
    >
      <View
        style={
          Object {
            "marginLeft": 12,
            "marginRight": -4,
          }
        }
      >
        <Text
          accessibilityElementsHidden={true}
          allowFontScaling={false}
          importantForAccessibility="no-hide-descendants"
          pointerEvents="none"
          selectable={false}
          style={
            Array [
              Object {
                "color": "rgba(0, 0, 0, 0.32)",
                "fontSize": 16,
              },
              Array [
                Object {
                  "lineHeight": 16,
                  "transform": Array [
                    Object {
                      "scaleX": 1,
                    },
                  ],
                },
                Object {
                  "backgroundColor": "transparent",
                },
              ],
              Object {
                "fontFamily": "Material Design Icons",
                "fontStyle": "normal",
                "fontWeight": "normal",
              },
              Object {},
            ]
          }
        >
          ó°„€
        </Text>
      </View>
      <Text
        numberOfLines={1}
        selectable={false}
        style={
          Array [
            Object {
              "color": "#000000",
              "fontFamily": "System",
              "fontWeight": "400",
            },
            Object {
              "textAlign": "left",
            },
            Array [
              Object {
                "letterSpacing": 1,
                "marginHorizontal": 16,
                "marginVertical": 9,
                "textAlign": "center",
              },
              undefined,
              Object {
                "textTransform": "uppercase",
              },
              Object {
                "color": "rgba(0, 0, 0, 0.32)",
                "fontFamily": "System",
                "fontWeight": "500",
              },
              Object {
                "fontFamily": "System",
                "fontWeight": "500",
              },
              Object {
                "paddingTop": 2,
              },
            ],
          ]
        }
      >
        Click me!
      </Text>
    </View>
  </View>
</View>
`;
